● loki.service - Loki Service Daemon
     Loaded: loaded (/etc/systemd/system/loki.service; enabled; preset: enabled)
     Active: deactivating (stop-sigterm) since Wed 2024-06-05 17:02:20 PDT; 16s ago
   Main PID: 35786 (loki)
         IP: 13.3K in, 13.3K out
         IO: 2.7M read, 4.0K written
      Tasks: 20 (limit: 38429)
     Memory: 31.2M (peak: 33.4M)
        CPU: 170ms
     CGroup: /system.slice/loki.service
             └─35786 /nix/store/zh3x61hf84k1blcl16jbqc7lv7qv8wqv-grafana-loki-3.0.0/bin/loki --config.file=/nix/store/rpsr8yp2cxsdimm69cy08m16vr2r2rrd-loki.yaml -log.level=debug

Jun 05 17:02:32 desktop loki[35786]: level=debug ts=2024-06-06T00:02:32.844166524Z caller=mock.go:186 msg="Get - deadline exceeded" key=collectors/ring
Jun 05 17:02:32 desktop loki[35786]: level=debug ts=2024-06-06T00:02:32.844190099Z caller=mock.go:150 msg=Get key=collectors/ring wait_index=15
Jun 05 17:02:33 desktop loki[35786]: level=debug ts=2024-06-06T00:02:33.845231818Z caller=mock.go:186 msg="Get - deadline exceeded" key=collectors/ring
Jun 05 17:02:33 desktop loki[35786]: level=debug ts=2024-06-06T00:02:33.845261925Z caller=mock.go:150 msg=Get key=collectors/ring wait_index=15
Jun 05 17:02:33 desktop loki[35786]: level=debug ts=2024-06-06T00:02:33.848398024Z caller=mock.go:150 msg=Get key=collectors/usagestats_token wait_index=0
Jun 05 17:02:33 desktop loki[35786]: level=debug ts=2024-06-06T00:02:33.848443642Z caller=mock.go:196 msg=Get key=collectors/usagestats_token modify_index=3 value="\"{\\\"UID\\\":\\\"7478d711-509b-4337-bba6-3215e263\""
Jun 05 17:02:34 desktop loki[35786]: level=debug ts=2024-06-06T00:02:34.845389355Z caller=mock.go:186 msg="Get - deadline exceeded" key=collectors/ring
Jun 05 17:02:34 desktop loki[35786]: level=debug ts=2024-06-06T00:02:34.84541288Z caller=mock.go:150 msg=Get key=collectors/ring wait_index=15
Jun 05 17:02:36 desktop loki[35786]: level=debug ts=2024-06-06T00:02:36.845420429Z caller=mock.go:186 msg="Get - deadline exceeded" key=collectors/ring
Jun 05 17:02:36 desktop loki[35786]: level=debug ts=2024-06-06T00:02:36.845451689Z caller=mock.go:150 msg=Get key=collectors/ring wait_index=15
